<<<<<<< Updated upstream
211825
=======
257204
>>>>>>> Stashed changes
